\BOOKMARK [0][]{titlepage.0}{\376\377\134\001\227\142}{}% 1
\BOOKMARK [0][]{cabstract.0}{\376\377\144\130\211\201}{}% 2
\BOOKMARK [0][]{eabstract.0}{\376\377\000A\000B\000S\000T\000R\000A\000C\000T}{}% 3
\BOOKMARK [0][]{contents.0}{\376\377\166\356\137\125}{}% 4
\BOOKMARK [0][]{denotation.0}{\376\377\116\073\211\201\173\046\123\367\133\371\161\147\210\150}{}% 5
\BOOKMARK [0][]{chapter.1}{\376\377\173\054\116\000\172\340\000\040\000\040\137\025\213\272}{}% 6
\BOOKMARK [0][]{chapter.2}{\376\377\173\054\116\214\172\340\000\040\000\040\164\006\213\272\127\372\170\100\116\016\225\356\230\230\152\041\127\213}{}% 7
\BOOKMARK [0][]{chapter.3}{\376\377\173\054\116\011\172\340\000\040\000\040\116\044\171\315\127\372\116\216\122\250\140\001\136\366\217\337\116\073\121\103\166\204\154\342\122\115\167\351\226\065\122\006\211\343\000K\000e\000r\000n\000e\000l}{}% 8
\BOOKMARK [1][-]{section.3.1}{\376\377\0003\000.\0001\000\040\227\136\133\371\171\360\172\040\133\306\167\351\226\065\166\204\136\366\217\337\116\073\121\103\000\040\000L\000U\000\040\145\271\154\325}{chapter.3}% 9
\BOOKMARK [2][-]{subsection.3.1.1}{\376\377\0003\000.\0001\000.\0001\000\040\122\006\211\343\000\040\000F\000u\000l\000l\000y\000\040\000S\000u\000m\000m\000e\000d\000\040\127\127}{section.3.1}% 10
\BOOKMARK [3][-]{subsubsection.3.1.1.1}{\376\377\0003\000.\0001\000.\0001\000.\0001\000\040\116\073\121\103\143\245\123\327\226\010\120\074}{subsection.3.1.1}% 11
\BOOKMARK [3][-]{subsubsection.3.1.1.2}{\376\377\0003\000.\0001\000.\0001\000.\0002\000\040\122\027\136\366\217\337\117\030\123\026}{subsection.3.1.1}% 12
\BOOKMARK [3][-]{subsubsection.3.1.1.3}{\376\377\0003\000.\0001\000.\0001\000.\0003\000\040\000r\000i\000g\000h\000t\000-\000l\000o\000o\000k\000i\000n\000g\000\040\146\364\145\260}{subsection.3.1.1}% 13
\BOOKMARK [3][-]{subsubsection.3.1.1.4}{\376\377\0003\000.\0001\000.\0001\000.\0004\000\040\201\352\220\002\136\224\000\040\000K\000J\000I\040\023\000S\000A\000X\000P\000Y\000\040\122\006\127\127\117\030\123\026}{subsection.3.1.1}% 14
\BOOKMARK [2][-]{subsection.3.1.2}{\376\377\0003\000.\0001\000.\0002\000\040\146\364\145\260\154\342\122\115\167\351\226\065}{section.3.1}% 15
\BOOKMARK [2][-]{subsection.3.1.3}{\376\377\0003\000.\0001\000.\0003\000\040\117\040\220\022\215\041\163\056\127\127\176\331\162\066\202\202\160\271}{section.3.1}% 16
\BOOKMARK [1][-]{section.3.2}{\376\377\0003\000.\0002\000\040\133\371\171\360\172\040\133\306\167\351\226\065\166\204\136\366\217\337\000\040\000B\000u\000n\000c\000h\040\023\000K\000a\000u\000f\000m\000a\000n\000\040\145\271\154\325}{chapter.3}% 17
\BOOKMARK [2][-]{subsection.3.2.1}{\376\377\0003\000.\0002\000.\0001\000\040\000B\000u\000n\000c\000h\040\023\000K\000a\000u\000f\000m\000a\000n\000\040\220\011\116\073\121\103}{section.3.2}% 18
\BOOKMARK [2][-]{subsection.3.2.2}{\376\377\0003\000.\0002\000.\0002\000\040\127\127\122\006\211\343\117\030\123\026}{section.3.2}% 19
\BOOKMARK [1][-]{section.3.3}{\376\377\0003\000.\0003\000\040\116\044\171\315\172\040\133\306\167\351\226\065\122\006\211\343\173\227\154\325\166\204\000C\000U\000D\000A\000\040\000K\000e\000r\000n\000e\000l\133\236\163\260}{chapter.3}% 20
\BOOKMARK [0][]{chapter.4}{\376\377\173\054\126\333\172\340\000\040\000\040\227\142\124\021\136\366\217\337\116\073\121\103\166\204\000\040\000G\000P\000U\000\040\173\241\164\006\145\271\154\325}{}% 21
\BOOKMARK [0][]{chapter.5}{\376\377\173\054\116\224\172\340\000\040\000\040\133\236\232\214\176\323\147\234\116\016\122\006\147\220}{}% 22
\BOOKMARK [0][]{chapter.6}{\376\377\173\054\121\155\172\340\000\040\000\040\140\073\176\323\124\214\134\125\147\033}{}% 23
\BOOKMARK [0][]{appendix*.14}{\376\377\145\073\213\373\170\125\130\353\147\037\225\364\123\321\210\150\166\204\213\272\145\207\123\312\121\166\116\326\142\020\147\234}{}% 24
\BOOKMARK [0][]{appendix*.15}{\376\377\201\364\214\042}{}% 25
\BOOKMARK [0][]{appendix*.16}{\376\377\123\027\116\254\131\047\133\146\133\146\117\115\213\272\145\207\123\237\122\033\140\047\130\360\146\016\124\214\117\177\165\050\143\210\147\103\213\364\146\016}{}% 26
