\BOOKMARK [0][]{titlepage.0}{\376\377\134\001\227\142}{}% 1
\BOOKMARK [0][]{cabstract.0}{\376\377\144\130\211\201}{}% 2
\BOOKMARK [0][]{eabstract.0}{\376\377\000A\000B\000S\000T\000R\000A\000C\000T}{}% 3
\BOOKMARK [0][]{contents.0}{\376\377\166\356\137\125}{}% 4
\BOOKMARK [0][]{denotation.0}{\376\377\116\073\211\201\173\046\123\367\133\371\161\147\210\150}{}% 5
\BOOKMARK [0][]{chapter.1}{\376\377\173\054\116\000\172\340\000\040\000\040\137\025\213\272}{}% 6
\BOOKMARK [1][-]{section.1.1}{\376\377\0001\000.\0001\000\040\134\001\227\142\123\312\000p\000k\000u\000t\000h\000s\000s\000i\000n\000f\000o\166\370\121\163}{chapter.1}% 7
\BOOKMARK [1][-]{section.1.2}{\376\377\0001\000.\0002\000\040\133\127\117\123\213\276\133\232}{chapter.1}% 8
\BOOKMARK [1][-]{section.1.3}{\376\377\0001\000.\0003\000\040\162\110\147\103\130\360\146\016\116\016\123\237\122\033\230\165}{chapter.1}% 9
\BOOKMARK [1][-]{section.1.4}{\376\377\0001\000.\0004\000\040\144\130\211\201\220\350\122\006}{chapter.1}% 10
\BOOKMARK [1][-]{section.1.5}{\376\377\0001\000.\0005\000\040\166\356\137\125}{chapter.1}% 11
\BOOKMARK [1][-]{section.1.6}{\376\377\0001\000.\0006\000\040\116\073\211\201\173\046\123\367\133\371\161\147\210\150}{chapter.1}% 12
\BOOKMARK [1][-]{section.1.7}{\376\377\0001\000.\0007\000\040\126\376\210\150\166\370\121\163}{chapter.1}% 13
\BOOKMARK [2][-]{subsection.1.7.1}{\376\377\0001\000.\0007\000.\0001\000\040\210\150\150\074\150\067\117\213}{section.1.7}% 14
\BOOKMARK [2][-]{subsection.1.7.2}{\376\377\0001\000.\0007\000.\0002\000\040\126\376\162\107\150\067\117\213}{section.1.7}% 15
\BOOKMARK [1][-]{section.1.8}{\376\377\0001\000.\0008\000\040\121\154\137\017}{chapter.1}% 16
\BOOKMARK [1][-]{section.1.9}{\376\377\0001\000.\0009\000\040\123\302\200\003\145\207\163\056}{chapter.1}% 17
\BOOKMARK [1][-]{section.1.10}{\376\377\0001\000.\0001\0000\000\040\121\166\116\326}{chapter.1}% 18
\BOOKMARK [1][-]{section.1.11}{\376\377\0001\000.\0001\0001\000\040\116\016\000p\000k\000u\000t\000h\000s\000s\000\040\000v\0001\000.\0009\000.\0002\137\002\124\014}{chapter.1}% 19
\BOOKMARK [0][]{chapter.2}{\376\377\173\054\116\214\172\340\000\040\000\040\164\006\213\272\127\372\170\100}{}% 20
\BOOKMARK [1][-]{section.2.1}{\376\377\0002\000.\0001\000\040\000O\000v\000e\000r\000l\000e\000a\000f\220\002\221\115\133\130\127\050\166\204\225\356\230\230}{chapter.2}% 21
\BOOKMARK [1][-]{section.2.2}{\376\377\0002\000.\0002\000\040\220\002\221\115\176\306\202\202}{chapter.2}% 22
\BOOKMARK [2][-]{subsection.2.2.1}{\376\377\0002\000.\0002\000.\0001\000\040\000C\000T\000e\000X\133\127\136\223\162\171\160\271}{section.2.2}% 23
\BOOKMARK [2][-]{subsection.2.2.2}{\376\377\0002\000.\0002\000.\0002\000\040\000f\000o\000n\000t\000s\000e\000t\000\040\213\276\133\232}{section.2.2}% 24
\BOOKMARK [2][-]{subsection.2.2.3}{\376\377\0002\000.\0002\000.\0003\000\040\177\026\170\001\145\271\137\017}{section.2.2}% 25
\BOOKMARK [2][-]{subsection.2.2.4}{\376\377\0002\000.\0002\000.\0004\000\040\174\227\117\123\213\276\133\232}{section.2.2}% 26
\BOOKMARK [0][]{chapter.3}{\376\377\173\054\116\011\172\340\000\040\000\040\000M\000o\000d\000e\000l\000\040\0001}{}% 27
\BOOKMARK [0][]{chapter.4}{\376\377\173\054\126\333\172\340\000\040\000\040\000M\000o\000d\000e\000l\000\040\0002}{}% 28
\BOOKMARK [0][]{chapter.5}{\376\377\173\054\116\224\172\340\000\040\000\040\000M\000o\000d\000e\000l\000\040\0003}{}% 29
\BOOKMARK [0][]{chapter.6}{\376\377\173\054\121\155\172\340\000\040\000\040\140\073\176\323\124\214\134\125\147\033}{}% 30
\BOOKMARK [0][]{appendix*.14}{\376\377\145\073\213\373\170\125\130\353\147\037\225\364\123\321\210\150\166\204\213\272\145\207\123\312\121\166\116\326\142\020\147\234}{}% 31
\BOOKMARK [0][]{appendix*.15}{\376\377\201\364\214\042}{}% 32
\BOOKMARK [0][]{appendix*.16}{\376\377\123\027\116\254\131\047\133\146\133\146\117\115\213\272\145\207\123\237\122\033\140\047\130\360\146\016\124\214\117\177\165\050\143\210\147\103\213\364\146\016}{}% 33
