\BOOKMARK [0][-]{chapter.1}{\376\377\137\353\220\037\177\026\213\321\116\016\155\113\213\325}{}% 1
\BOOKMARK [1][-]{section.1.1}{\376\377\116\013\217\175}{chapter.1}% 2
\BOOKMARK [1][-]{section.1.2}{\376\377\177\026\213\321}{chapter.1}% 3
\BOOKMARK [1][-]{section.1.3}{\376\377\177\026\213\321\000C\000/\000C\000+\000+\173\227\117\213}{chapter.1}% 4
\BOOKMARK [1][-]{section.1.4}{\376\377\173\227\117\213\177\026\121\231}{chapter.1}% 5
\BOOKMARK [0][-]{chapter.2}{\376\377\172\000\165\217\166\364\143\245\154\325\145\160\133\146\127\372\170\100\377\032\131\032\154\342\122\115\154\325\116\016\215\205\202\202\160\271\154\325}{}% 6
\BOOKMARK [1][-]{section.2.1}{\376\377\155\210\121\103\060\001\000S\000c\000h\000u\000r\000\040\210\145\116\016\130\153\121\105}{chapter.2}% 7
\BOOKMARK [1][-]{section.2.2}{\376\377\155\210\123\273\150\021\116\016\173\046\123\367\176\323\147\204}{chapter.2}% 8
\BOOKMARK [1][-]{section.2.3}{\376\377\131\032\154\342\122\115\154\325}{chapter.2}% 9
\BOOKMARK [1][-]{section.2.4}{\376\377\215\205\202\202\160\271\154\325}{chapter.2}% 10
\BOOKMARK [1][-]{section.2.5}{\376\377\131\032\154\342\122\115\154\325\116\016\215\205\202\202\160\271\154\325\166\204\133\371\136\224\121\163\174\373}{chapter.2}% 11
\BOOKMARK [1][-]{section.2.6}{\376\377\116\316\122\006\211\343\122\060\154\102\211\343}{chapter.2}% 12
\BOOKMARK [0][-]{chapter.3}{\376\377\000M\000U\000M\000P\000S\000\040\136\366\217\337\116\073\121\103}{}% 13
\BOOKMARK [1][-]{section.3.1}{\376\377\000M\000U\000M\000P\000S\000\040\116\072\116\300\116\110\227\000\211\201\136\366\217\337\116\073\121\103}{chapter.3}% 14
\BOOKMARK [1][-]{section.3.2}{\376\377\000M\000U\000M\000P\000S\000\040\166\204\166\370\133\371\226\010\120\074\000\040\000C\000N\000T\000L\000\050\0001\000\051}{chapter.3}% 15
\BOOKMARK [1][-]{section.3.3}{\376\377\227\136\133\371\171\360\000\040\000L\000U\000\040\122\006\211\343\166\204\116\073\121\103\122\044\133\232}{chapter.3}% 16
\BOOKMARK [1][-]{section.3.4}{\376\377\133\371\171\360\116\015\133\232\000\040\000L\000D\000L\000T\000\040\122\006\211\343\166\204\116\073\121\103\122\044\133\232}{chapter.3}% 17
\BOOKMARK [1][-]{section.3.5}{\376\377\136\366\217\337\221\317\140\016\150\067\137\142\142\020\136\166\117\040\122\060\162\066\202\202\160\271}{chapter.3}% 18
\BOOKMARK [1][-]{section.3.6}{\376\377\227\131\140\001\116\073\121\103\060\001\136\366\217\337\116\073\121\103\116\016\226\366\116\073\121\103\150\300\155\113}{chapter.3}% 19
\BOOKMARK [1][-]{section.3.7}{\376\377\136\366\217\337\116\073\121\103\133\371\000\040\000M\000U\000M\000P\000S\000\040\145\160\120\074\122\006\211\343\166\204\137\161\124\315}{chapter.3}% 20
\BOOKMARK [0][-]{chapter.4}{\376\377\000M\000U\000M\000P\000S\000\040\136\166\210\114\173\126\165\145\116\016\121\205\133\130\173\241\164\006}{}% 21
\BOOKMARK [1][-]{section.4.1}{\376\377\217\333\172\013\060\001\176\277\172\013\116\016\145\160\143\156\122\006\136\003}{chapter.4}% 22
\BOOKMARK [1][-]{section.4.2}{\376\377\122\006\147\220\226\066\153\265\166\204\202\202\160\271\116\343\116\367}{chapter.4}% 23
\BOOKMARK [1][-]{section.4.3}{\376\377\000L\000e\000v\000e\000l\000-\0000\000\040\133\120\150\021\146\040\134\004}{chapter.4}% 24
\BOOKMARK [1][-]{section.4.4}{\376\377\146\156\220\032\134\102\060\001\202\202\160\271\174\173\127\213\116\016\226\010\120\074}{chapter.4}% 25
\BOOKMARK [1][-]{section.4.5}{\376\377\000o\000w\000n\000e\000r\000\040\116\016\000\040\000T\000y\000p\000e\000\040\0001\000\040\146\040\134\004}{chapter.4}% 26
\BOOKMARK [1][-]{section.4.6}{\376\377\000T\000y\000p\000e\000\040\0002\000\040\166\204\000\040\000o\000w\000n\000e\000r\060\001\120\031\220\011\217\333\172\013\116\016\000\040\000C\000A\000N\000D\000I\000D\000A\000T\000E\000S}{chapter.4}% 27
\BOOKMARK [1][-]{section.4.7}{\376\377\000P\000R\000O\000C\000N\000O\000D\000E\000\137\000S\000T\000E\000P\000S\000\040\166\204\124\053\116\111}{chapter.4}% 28
\BOOKMARK [1][-]{section.4.8}{\376\377\145\160\120\074\122\006\211\343\226\066\153\265\166\204\000\040\000M\000P\000I\000\040\176\304\176\307}{chapter.4}% 29
\BOOKMARK [1][-]{section.4.9}{\376\377\136\366\217\337\116\073\121\103\124\214\117\060\213\241\120\117\135\356\133\371\214\003\136\246\166\204\137\161\124\315}{chapter.4}% 30
\BOOKMARK [1][-]{section.4.10}{\376\377\154\102\211\343\226\066\153\265\166\204\000\040\000M\000P\000I\000\040\136\166\210\114}{chapter.4}% 31
\BOOKMARK [1][-]{section.4.11}{\376\377\000M\000P\000I\000\040\217\333\172\013\171\301\147\011\121\205\133\130\116\016\145\340\121\262\172\201\213\277\225\356}{chapter.4}% 32
\BOOKMARK [1][-]{section.4.12}{\376\377\215\041\163\056\127\127\165\063\213\367\060\001\131\015\165\050\116\016\123\213\177\051}{chapter.4}% 33
\BOOKMARK [1][-]{section.4.13}{\376\377\121\205\133\130\143\247\122\066\116\016\000\040\000o\000u\000t\000-\000o\000f\000-\000c\000o\000r\000e}{chapter.4}% 34
\BOOKMARK [0][-]{appendix.A}{\376\377\215\205\202\202\160\271\166\204\116\044\171\315\136\046\136\366\217\337\116\073\121\103\166\204\116\073\121\103\127\127\122\006\211\343\173\227\154\325}{}% 35
\BOOKMARK [1][-]{section.A.1}{\376\377\227\136\133\371\171\360\172\040\133\306\167\351\226\065\166\204\136\366\217\337\116\073\121\103\000\040\000L\000U\000\040\145\271\154\325}{appendix.A}% 36
\BOOKMARK [1][-]{section.A.2}{\376\377\133\371\171\360\172\040\133\306\167\351\226\065\166\204\000\040\000B\000u\000n\000c\000h\040\023\000K\000a\000u\000f\000m\000a\000n\000\040\145\271\154\325}{appendix.A}% 37
\BOOKMARK [0][-]{appendix.B}{\376\377\000K\000J\000I\040\023\000S\000A\000X\000P\000Y\000\040\173\227\154\325\116\016\127\127\122\006\211\343}{}% 38
\BOOKMARK [1][-]{section.B.1}{\376\377\000K\000J\000I\000\040\137\252\163\257\153\041\136\217}{appendix.B}% 39
\BOOKMARK [1][-]{section.B.2}{\376\377\131\032\116\052\171\351\116\000\146\364\145\260\166\204\124\010\136\166}{appendix.B}% 40
\BOOKMARK [1][-]{section.B.3}{\376\377\145\271\137\142\122\006\127\127\000\040\000L\000U}{appendix.B}% 41
\BOOKMARK [1][-]{section.B.4}{\376\377\116\073\121\103\116\244\143\142\116\016\227\142\147\177\146\364\145\260}{appendix.B}% 42
\BOOKMARK [1][-]{section.B.5}{\376\377\136\366\217\337\116\073\121\103\116\013\166\204\122\006\127\127\000\040\000L\000U}{appendix.B}% 43
\BOOKMARK [1][-]{section.B.6}{\376\377\133\371\171\360\127\127\146\364\145\260}{appendix.B}% 44
\BOOKMARK [1][-]{section.B.7}{\376\377\127\127\116\011\211\322\154\102\211\343}{appendix.B}% 45
\BOOKMARK [1][-]{section.B.8}{\376\377\217\320\173\227\221\317\116\016\145\160\143\156\213\277\225\356}{appendix.B}% 46
\BOOKMARK [0][-]{appendix.C}{\376\377\121\155\226\066\133\371\171\360\116\015\133\232\167\351\226\065\166\204\136\366\217\337\116\073\121\103\122\006\211\343\171\072\117\213}{}% 47
\BOOKMARK [1][-]{section.C.1}{\376\377\123\237\131\313\167\351\226\065\116\016\176\323\147\204\143\222\136\217}{appendix.C}% 48
\BOOKMARK [1][-]{section.C.2}{\376\377\155\210\123\273\150\021\116\016\154\342\122\115\150\021}{appendix.C}% 49
\BOOKMARK [1][-]{section.C.3}{\376\377\135\346\117\247\133\120\150\021\116\055\166\204\116\073\121\103\136\366\217\337}{appendix.C}% 50
\BOOKMARK [1][-]{section.C.4}{\376\377\123\363\117\247\133\120\150\021\166\204\153\143\136\070\155\210\121\103}{appendix.C}% 51
\BOOKMARK [1][-]{section.C.5}{\376\377\150\071\154\342\122\115\166\204\122\250\140\001\142\151\134\125\116\016\116\214\226\066\116\073\121\103}{appendix.C}% 52
\BOOKMARK [1][-]{section.C.6}{\376\377\147\000\176\310\145\160\120\074\116\073\121\103\230\172\136\217\116\016\122\006\211\343\176\323\147\234}{appendix.C}% 53
\BOOKMARK [0][-]{section.C.6}{\376\377\123\302\200\003\215\104\145\231}{}% 54
